// Jest Snapshot v1, https://goo.gl/fbAQLP

exports[`LovableFilterableTable user enters search query should filter items (with serializer!) 1`] = `
<tbody>
  <tr
    style={Object {}}
  >
    <td
      className="item-name"
      style={
        Object {
          "padding": "5px",
        }
      }
    >
      Bitcoin
    </td>
    <td
      className="item-symbol"
      style={
        Object {
          "padding": "5px",
        }
      }
    >
      BTC
    </td>
    <td
      className="item-price_usd"
      style={
        Object {
          "padding": "5px",
        }
      }
    >
      2717.71
    </td>
    <td
      className="item-percent_change_1h"
      style={
        Object {
          "padding": "5px",
        }
      }
    >
      0.13
    </td>
    <td
      className="item-percent_change_24h"
      style={
        Object {
          "padding": "5px",
        }
      }
    >
      0.17
    </td>
    <td
      className="item-percent_change_7d"
      style={
        Object {
          "padding": "5px",
        }
      }
    >
      17.38
    </td>
    <td
      className="item-heart"
    >
      <i
        aria-hidden="true"
        className="fa fa-heart-o"
        onClick={[Function]}
      />
    </td>
  </tr>
  <tr
    style={Object {}}
  >
    <td
      className="item-name"
      style={
        Object {
          "padding": "5px",
        }
      }
    >
      Litecoin
    </td>
    <td
      className="item-symbol"
      style={
        Object {
          "padding": "5px",
        }
      }
    >
      LTC
    </td>
    <td
      className="item-price_usd"
      style={
        Object {
          "padding": "5px",
        }
      }
    >
      47.5215
    </td>
    <td
      className="item-percent_change_1h"
      style={
        Object {
          "padding": "5px",
        }
      }
    >
      -0.87
    </td>
    <td
      className="item-percent_change_24h"
      style={
        Object {
          "padding": "5px",
        }
      }
    >
      -2.42
    </td>
    <td
      className="item-percent_change_7d"
      style={
        Object {
          "padding": "5px",
        }
      }
    >
      65.67
    </td>
    <td
      className="item-heart"
    >
      <i
        aria-hidden="true"
        className="fa fa-heart-o"
        onClick={[Function]}
      />
    </td>
  </tr>
  <tr
    style={Object {}}
  >
    <td
      className="item-name"
      style={
        Object {
          "padding": "5px",
        }
      }
    >
      Siacoin
    </td>
    <td
      className="item-symbol"
      style={
        Object {
          "padding": "5px",
        }
      }
    >
      SC
    </td>
    <td
      className="item-price_usd"
      style={
        Object {
          "padding": "5px",
        }
      }
    >
      0.0186394
    </td>
    <td
      className="item-percent_change_1h"
      style={
        Object {
          "padding": "5px",
        }
      }
    >
      -0.47
    </td>
    <td
      className="item-percent_change_24h"
      style={
        Object {
          "padding": "5px",
        }
      }
    >
      -0.48
    </td>
    <td
      className="item-percent_change_7d"
      style={
        Object {
          "padding": "5px",
        }
      }
    >
      43.47
    </td>
    <td
      className="item-heart"
    >
      <i
        aria-hidden="true"
        className="fa fa-heart-o"
        onClick={[Function]}
      />
    </td>
  </tr>
  <tr
    style={Object {}}
  >
    <td
      className="item-name"
      style={
        Object {
          "padding": "5px",
        }
      }
    >
      Bytecoin
    </td>
    <td
      className="item-symbol"
      style={
        Object {
          "padding": "5px",
        }
      }
    >
      BCN
    </td>
    <td
      className="item-price_usd"
      style={
        Object {
          "padding": "5px",
        }
      }
    >
      0.00256582
    </td>
    <td
      className="item-percent_change_1h"
      style={
        Object {
          "padding": "5px",
        }
      }
    >
      -0.43
    </td>
    <td
      className="item-percent_change_24h"
      style={
        Object {
          "padding": "5px",
        }
      }
    >
      -1.1
    </td>
    <td
      className="item-percent_change_7d"
      style={
        Object {
          "padding": "5px",
        }
      }
    >
      17.37
    </td>
    <td
      className="item-heart"
    >
      <i
        aria-hidden="true"
        className="fa fa-heart-o"
        onClick={[Function]}
      />
    </td>
  </tr>
  <tr
    style={Object {}}
  >
    <td
      className="item-name"
      style={
        Object {
          "padding": "5px",
        }
      }
    >
      Dogecoin
    </td>
    <td
      className="item-symbol"
      style={
        Object {
          "padding": "5px",
        }
      }
    >
      DOGE
    </td>
    <td
      className="item-price_usd"
      style={
        Object {
          "padding": "5px",
        }
      }
    >
      0.00308482
    </td>
    <td
      className="item-percent_change_1h"
      style={
        Object {
          "padding": "5px",
        }
      }
    >
      0.01
    </td>
    <td
      className="item-percent_change_24h"
      style={
        Object {
          "padding": "5px",
        }
      }
    >
      -2.38
    </td>
    <td
      className="item-percent_change_7d"
      style={
        Object {
          "padding": "5px",
        }
      }
    >
      6.82
    </td>
    <td
      className="item-heart"
    >
      <i
        aria-hidden="true"
        className="fa fa-heart-o"
        onClick={[Function]}
      />
    </td>
  </tr>
  <tr
    style={Object {}}
  >
    <td
      className="item-name"
      style={
        Object {
          "padding": "5px",
        }
      }
    >
      MaidSafeCoin
    </td>
    <td
      className="item-symbol"
      style={
        Object {
          "padding": "5px",
        }
      }
    >
      MAID
    </td>
    <td
      className="item-price_usd"
      style={
        Object {
          "padding": "5px",
        }
      }
    >
      0.500285
    </td>
    <td
      className="item-percent_change_1h"
      style={
        Object {
          "padding": "5px",
        }
      }
    >
      -0.27
    </td>
    <td
      className="item-percent_change_24h"
      style={
        Object {
          "padding": "5px",
        }
      }
    >
      -0.07
    </td>
    <td
      className="item-percent_change_7d"
      style={
        Object {
          "padding": "5px",
        }
      }
    >
      19.26
    </td>
    <td
      className="item-heart"
    >
      <i
        aria-hidden="true"
        className="fa fa-heart-o"
        onClick={[Function]}
      />
    </td>
  </tr>
</tbody>
`;
