// Jest Snapshot v1, https://goo.gl/fbAQLP

exports[`LovableFilterableTable user enters search query should filter items 1`] = `
Array [
  "<td class=\\"item-name\\" style=\\"padding:5px;\\">Bitcoin</td>",
  "<td class=\\"item-name\\" style=\\"padding:5px;\\">Litecoin</td>",
  "<td class=\\"item-name\\" style=\\"padding:5px;\\">Siacoin</td>",
  "<td class=\\"item-name\\" style=\\"padding:5px;\\">Bytecoin</td>",
  "<td class=\\"item-name\\" style=\\"padding:5px;\\">Dogecoin</td>",
  "<td class=\\"item-name\\" style=\\"padding:5px;\\">MaidSafeCoin</td>",
]
`;

exports[`LovableFilterableTable user enters search query should render a subset of matching \`items\` 1`] = `"<tbody><tr><td class=\\"item-name\\" style=\\"padding:5px;\\">Bitcoin</td><td class=\\"item-symbol\\" style=\\"padding:5px;\\">BTC</td><td class=\\"item-price_usd\\" style=\\"padding:5px;\\">2717.71</td><td class=\\"item-percent_change_1h\\" style=\\"padding:5px;\\">0.13</td><td class=\\"item-percent_change_24h\\" style=\\"padding:5px;\\">0.17</td><td class=\\"item-percent_change_7d\\" style=\\"padding:5px;\\">17.38</td><td class=\\"item-heart\\"><i class=\\"fa fa-heart-o\\" aria-hidden=\\"true\\"></i></td></tr><tr><td class=\\"item-name\\" style=\\"padding:5px;\\">Litecoin</td><td class=\\"item-symbol\\" style=\\"padding:5px;\\">LTC</td><td class=\\"item-price_usd\\" style=\\"padding:5px;\\">47.5215</td><td class=\\"item-percent_change_1h\\" style=\\"padding:5px;\\">-0.87</td><td class=\\"item-percent_change_24h\\" style=\\"padding:5px;\\">-2.42</td><td class=\\"item-percent_change_7d\\" style=\\"padding:5px;\\">65.67</td><td class=\\"item-heart\\"><i class=\\"fa fa-heart-o\\" aria-hidden=\\"true\\"></i></td></tr><tr><td class=\\"item-name\\" style=\\"padding:5px;\\">Siacoin</td><td class=\\"item-symbol\\" style=\\"padding:5px;\\">SC</td><td class=\\"item-price_usd\\" style=\\"padding:5px;\\">0.0186394</td><td class=\\"item-percent_change_1h\\" style=\\"padding:5px;\\">-0.47</td><td class=\\"item-percent_change_24h\\" style=\\"padding:5px;\\">-0.48</td><td class=\\"item-percent_change_7d\\" style=\\"padding:5px;\\">43.47</td><td class=\\"item-heart\\"><i class=\\"fa fa-heart-o\\" aria-hidden=\\"true\\"></i></td></tr><tr><td class=\\"item-name\\" style=\\"padding:5px;\\">Bytecoin</td><td class=\\"item-symbol\\" style=\\"padding:5px;\\">BCN</td><td class=\\"item-price_usd\\" style=\\"padding:5px;\\">0.00256582</td><td class=\\"item-percent_change_1h\\" style=\\"padding:5px;\\">-0.43</td><td class=\\"item-percent_change_24h\\" style=\\"padding:5px;\\">-1.1</td><td class=\\"item-percent_change_7d\\" style=\\"padding:5px;\\">17.37</td><td class=\\"item-heart\\"><i class=\\"fa fa-heart-o\\" aria-hidden=\\"true\\"></i></td></tr><tr><td class=\\"item-name\\" style=\\"padding:5px;\\">Dogecoin</td><td class=\\"item-symbol\\" style=\\"padding:5px;\\">DOGE</td><td class=\\"item-price_usd\\" style=\\"padding:5px;\\">0.00308482</td><td class=\\"item-percent_change_1h\\" style=\\"padding:5px;\\">0.01</td><td class=\\"item-percent_change_24h\\" style=\\"padding:5px;\\">-2.38</td><td class=\\"item-percent_change_7d\\" style=\\"padding:5px;\\">6.82</td><td class=\\"item-heart\\"><i class=\\"fa fa-heart-o\\" aria-hidden=\\"true\\"></i></td></tr><tr><td class=\\"item-name\\" style=\\"padding:5px;\\">MaidSafeCoin</td><td class=\\"item-symbol\\" style=\\"padding:5px;\\">MAID</td><td class=\\"item-price_usd\\" style=\\"padding:5px;\\">0.500285</td><td class=\\"item-percent_change_1h\\" style=\\"padding:5px;\\">-0.27</td><td class=\\"item-percent_change_24h\\" style=\\"padding:5px;\\">-0.07</td><td class=\\"item-percent_change_7d\\" style=\\"padding:5px;\\">19.26</td><td class=\\"item-heart\\"><i class=\\"fa fa-heart-o\\" aria-hidden=\\"true\\"></i></td></tr></tbody>"`;

exports[`LovableFilterableTable user enters search query testing out snapshots 1`] = `
Object {
  "24h_volume_usd": "1364150000.0",
  "available_supply": "16405075.0",
  "id": "bitcoin",
  "isLoved": false,
  "last_updated": "1498150152",
  "market_cap_usd": "44584236378.0",
  "name": "Bitcoin",
  "percent_change_1h": "0.13",
  "percent_change_24h": "0.17",
  "percent_change_7d": "17.38",
  "price_btc": "1.0",
  "price_usd": "2717.71",
  "rank": "1",
  "symbol": "BTC",
  "total_supply": "16405075.0",
}
`;
